reporte_maestro\modulos\20260729-auditoria-banks.md -> AdminLuxuryApp\Banks\20260729-auditoria-admin-banks.md
reporte_maestro\modulos\20260729-auditoria-cobranza-online.md -> CollectionsLuxuryApp\CobranzaOnline\20260729-auditoria-cobranza-online.md
reporte_maestro\modulos\20260730-auditoria-cobranza-online.md -> CollectionsLuxuryApp\CobranzaOnline\20260730-auditoria-cobranza-online.md
reporte_maestro\modulos\20260731-auditoria-cobranza-online.md -> CollectionsLuxuryApp\CobranzaOnline\20260731-auditoria-cobranza-online.md
reporte_maestro\modulos\20260803-auditoria-cobranza-online.md -> CollectionsLuxuryApp\CobranzaOnline\20260803-auditoria-cobranza-online.md
reporte_maestro\modulos\20260806-auditoria-cobranza-online.md -> CollectionsLuxuryApp\CobranzaOnline\20260806-auditoria-cobranza-online.md
reporte_maestro\modulos\NULABILIDAD-COBRANZA-ONLINE-20260803.md -> CollectionsLuxuryApp\CobranzaOnline\20260803-auditoria-collections-cobranza-online-nulabilidad.md
reporte_maestro\modulos\SUMMARY-20260803-cobranza-online.txt -> CollectionsLuxuryApp\CobranzaOnline\20260803-analisis-collections-cobranza-online-summary.txt
reporte_maestro\modulos\20260730-auditoria-orden-compra.md -> PurchasesLuxuryApp\PurchaseOrders\20260730-auditoria-purchases-ordenes-compra.md
reporte_maestro\modulos\20260730-auditoria-solicitud-compra.md -> PurchasesLuxuryApp\PurchaseRequests\20260730-auditoria-purchases-solicitudes-compra.md
reporte_maestro\modulos\20260729-auditoria-comite-vigilancia.md -> CommitteeLuxuryApp\Meetings\20260729-auditoria-committee-vigilancia.md
reporte_maestro\modulos\20260731-auditoria-cobranza-nativa.md -> CollectionsLuxuryApp\CobranzaNativa\20260731-auditoria-cobranza-nativa.md
reporte_maestro\modulos\20260811-auditoria-cobranza-nativa.md -> CollectionsLuxuryApp\CobranzaNativa\20260811-auditoria-cobranza-nativa.md
reporte_maestro\modulos\20260815-fase0-cobranza-nativa.md -> CollectionsLuxuryApp\CobranzaNativa\20260815-business-rules-collections-cobranza-nativa.md
reporte_maestro\modulos\20260809-auditoria-cierre-reclutamiento-candidatos.md -> RecruitmentLuxuryApp\Candidates\20260809-auditoria-cierre-reclutamiento-candidatos.md
reporte_maestro\modulos\20260809-auditoria-reclutamiento-candidatos.md -> RecruitmentLuxuryApp\Candidates\20260809-auditoria-reclutamiento-candidatos.md
reporte_maestro\modulos\20260813-auditoria-reclutamiento-candidatos.md -> RecruitmentLuxuryApp\Candidates\20260813-auditoria-reclutamiento-candidatos.md
reporte_maestro\modulos\20260813-auditoria-reclutamiento-candidatos-revision.md -> RecruitmentLuxuryApp\Candidates\20260813-auditoria-reclutamiento-candidatos-revision.md
reporte_maestro\modulos\20260910-auditoria-reclutamiento-luxuryapp-api.md -> RecruitmentLuxuryApp\Candidates\20260910-auditoria-reclutamiento-luxuryapp-api.md
reporte_maestro\modulos\20260915-auditoria-reclutamiento-candidatos.md -> RecruitmentLuxuryApp\Candidates\20260915-auditoria-reclutamiento-candidatos.md
reporte_maestro\modulos\20260819-auditoria-reclutamiento-integrado.md -> RecruitmentLuxuryApp\Candidates\20260819-auditoria-reclutamiento-integrado.md
reporte_maestro\modulos\20260809-fase2-postulacion-avisos-ejecutada.md -> RecruitmentLuxuryApp\Vacancies\20260809-auditoria-recruitment-vacancies.md
reporte_maestro\modulos\20260809-fase4-kpis-automatizaciones-ejecutada.md -> RecruitmentLuxuryApp\Candidates\20260809-auditoria-recruitment-candidates-kpis.md
reporte_maestro\modulos\20260811-auditoria-google-calendar.md -> OperationsLuxuryApp\Tasks\20260811-auditoria-operations-google-calendar.md
reporte_maestro\modulos\20260812-auditoria-machinery-document-handling.md -> MaintenanceLuxuryApp\Machinery\20260812-auditoria-maintenance-machinery.md
reporte_maestro\modulos\20260812-hallazgo-machinery-delete-error-handling.md -> MaintenanceLuxuryApp\Machinery\20260812-auditoria-maintenance-machinery-delete.md
reporte_maestro\modulos\20260817-auditoria-orgchart.md -> HumanResourcesLuxuryApp\OrgChart\20260817-auditoria-hr-orgchart.md
reporte_maestro\modulos\20260817-auditoria-organigrama-puestos.md -> HumanResourcesLuxuryApp\OrgChart\20260817-auditoria-hr-orgchart-puestos.md
reporte_maestro\modulos\20260818-auditoria-piscina-piscinabitacora.md -> MaintenanceLuxuryApp\Pools\20260818-auditoria-maintenance-pools.md
reporte_maestro\modulos\20260820-auditoria-supplier-provider.md -> SupplierLuxuryApp\Suppliers\20260820-auditoria-supplier-provider.md
reporte_maestro\modulos\20260903-auditoria-work-position-schedule.md -> HumanResourcesLuxuryApp\WorkPositions\20260903-auditoria-hr-work-position-schedule.md
reporte_maestro\modulos\20260913-auditoria-work-position-schedule.md -> HumanResourcesLuxuryApp\WorkPositions\20260913-auditoria-hr-work-position-schedule.md
reporte_maestro\modulos\20260913-auditoria-work-position-schedules.md -> HumanResourcesLuxuryApp\WorkPositions\20260913-auditoria-hr-work-position-schedules.md
reporte_maestro\modulos\work-position-schedule-deprecation-inventory.md -> HumanResourcesLuxuryApp\WorkPositions\20260903-analisis-hr-work-position-schedule-deprecation.md
reporte_maestro\modulos\20260907-auditoria-ubicacion-modulo-compras.md -> PurchasesLuxuryApp\Shared\20260907-auditoria-purchases-shared-ubicacion.md
reporte_maestro\modulos\20260907-plan-ejecutado-solicitudes-compra.md -> PurchasesLuxuryApp\PurchaseRequests\20260907-plan-purchases-solicitudes-compra.md
reporte_maestro\modulos\20260915-qa_gap_analysis-operations-task-engine.md -> OperationsLuxuryApp\Tasks\20260915-auditoria-operations-task-engine.md
reporte_maestro\temas-transversales\20260826-auditoria-manejo-fechas-horas.md -> SharedLuxuryApp\FechasHoras\20260826-auditoria-shared-fechas-horas.md
reporte_maestro\temas-transversales\20260724-auditoria-paginacion.md -> SharedLuxuryApp\Shared\20260724-auditoria-shared-paginacion.md
reporte_maestro\temas-transversales\20260713-file-controller-retirement-audit.md -> SharedLuxuryApp\Shared\20260713-auditoria-shared-file-controller.md
reporte_maestro\analisis\20260712-modules-front-api-comparison.md -> SharedLuxuryApp\Conventions\20260712-analisis-shared-modules-front-api.md
reporte_maestro\analisis\20260911-inventario-api-modules.md -> SharedLuxuryApp\Conventions\20260911-analisis-shared-inventario-api-modules.md
reporte_maestro\analisis\20260912-escaner-migracion-dotnet-ingles.md -> SharedLuxuryApp\Conventions\20260912-analisis-shared-migracion-ingles.md
reporte_maestro\endpoints\20260712-endpoint-audit-report.md -> SystemLuxuryApp\Endpoints\20260712-auditoria-system-endpoints.md
reporte_maestro\endpoints\20260712-endpoint-radiography.md -> SystemLuxuryApp\Endpoints\20260712-analisis-system-endpoints-radiography.md
reporte_maestro\endpoints\20260712-root-structure-inventory-report.md -> SystemLuxuryApp\Endpoints\20260712-auditoria-system-root-structure.md
reporte_maestro\endpoints\20260712-routes-radiography.md -> SystemLuxuryApp\Endpoints\20260712-analisis-system-routes-radiography.md
reporte_maestro\01-analisis-convenciones-codebase.md -> SharedLuxuryApp\Conventions\20260709-analisis-shared-conventions-codebase.md
reporte_maestro\20260810-auditoria-conventions-md.md -> SharedLuxuryApp\Conventions\20260810-auditoria-conventions-md.md
reporte_maestro\20260812-ANALISIS-AJUSTES-CONVENCIONES.md -> SharedLuxuryApp\Conventions\20260812-analisis-shared-conventions-ajustes.md
reporte_maestro\20260812-CONTEXTO-4-HALLAZGOS-GOBERNANZA.md -> SharedLuxuryApp\Conventions\20260812-analisis-shared-conventions-gobernanza.md
reporte_maestro\20260812-DECISIONES-TECH-LEAD-APLICADAS.md -> SharedLuxuryApp\Conventions\20260812-changelog-shared-conventions-decisiones.md
reporte_maestro\20260812-REMEDIACION-REPORTE-COHERENCIA.md -> SharedLuxuryApp\Conventions\20260812-remediacion-shared-conventions-coherencia.md
reporte_maestro\20260812-REPORTE-SESION-PATTERNS.md -> SharedLuxuryApp\Conventions\20260812-changelog-shared-conventions-patterns.md
reporte_maestro\20260812-REPORTE-SESION-NOTIFICACIONES.md -> SystemLuxuryApp\Notifications\20260812-changelog-system-notifications-sesion.md
reporte_maestro\20260813-REPORTE-CAPTION-ALIGNMENT-RULE.md -> SharedLuxuryApp\DesignSystem\20260813-changelog-shared-colors-caption-alignment.md
reporte_maestro\20260812-REPORTE-PRIMEFLEX-AUDITORIA.md -> SharedLuxuryApp\DesignSystem\20260812-auditoria-shared-primeflex.md
reporte_maestro\20260814-PLAN-3-CORRECCIONES-CRITICAS.md -> SharedLuxuryApp\Conventions\20260814-plan-shared-conventions-correcciones.md
reporte_maestro\20260815-INFORME-LIMPIEZA-ARCHIVOS-NO-UTILIZADOS.md -> SharedLuxuryApp\Conventions\20260815-auditoria-shared-limpieza-archivos.md
reporte_maestro\20260815-INFORME-LIMPIEZA-ARCHIVOS-NO-UTILIZADOS.json -> SharedLuxuryApp\Conventions\20260815-auditoria-shared-limpieza-archivos.json
reporte_maestro\20260815-REGISTRO-EJECUCION-LIMPIEZA.md -> SharedLuxuryApp\Conventions\20260815-changelog-shared-limpieza-archivos.md
reporte_maestro\RESUMEN_SESION_CONVENTIONS_2026_08_10.md -> SharedLuxuryApp\Conventions\20260810-changelog-shared-conventions-sesion.md
reporte_maestro\NUEVOS_LINEAMIENTOS_AUDITORIA_2026_07_30.md -> SharedLuxuryApp\Conventions\20260730-especificacion-shared-auditoria-lineamientos.md
reporte_maestro\inventario_guididentdto.md -> SharedLuxuryApp\Conventions\20260810-analisis-shared-inventario-guid-identdto.md
reporte_maestro\historico\CONSOLIDACION_20260726.md -> SharedLuxuryApp\Conventions\20260726-changelog-shared-consolidacion.md
reporte_maestro\README.md -> SharedLuxuryApp\Conventions\20260726-guia-shared-reporte-maestro-legacy.md
audit\20260812-AUDITORIA-JOBS-CONVENTIONS.md -> AdminLuxuryApp\Jobs\20260812-auditoria-admin-jobs.md
audit\20260812-VALIDACION-JOBS-REMEDIACION.md -> AdminLuxuryApp\Jobs\20260812-auditoria-admin-jobs-validacion.md
audit\20260812-AUDITORIA-NOTIFICACIONES.md -> SystemLuxuryApp\Notifications\20260812-auditoria-system-notificaciones.md
audit\20260812-VALIDACION-NOTIFICACIONES-POST.md -> SystemLuxuryApp\Notifications\20260812-auditoria-system-notificaciones-validacion.md
audit\20260812-AUDITORIA-PRIMEFLEX-CODEBASE.md -> SharedLuxuryApp\DesignSystem\20260812-auditoria-shared-primeflex-codebase.md
audit\20260903-AUDITORIA-ONESIGNAL-MIGRACION.md -> SystemLuxuryApp\Notifications\20260903-auditoria-system-onesignal-migracion.md
audit\20260912-ESCANER-MIGRACION-INGLES-API.md -> SharedLuxuryApp\Conventions\20260912-auditoria-shared-migracion-ingles.md
specifications\20260812-notification-standard.md -> SystemLuxuryApp\Notifications\20260812-especificacion-system-notificaciones.md
specifications\20260812-primeflex-usage-standard.md -> SharedLuxuryApp\DesignSystem\20260812-especificacion-shared-primeflex.md
specifications\20260813-caption-alignment-rule.md -> SharedLuxuryApp\DesignSystem\20260813-especificacion-shared-caption-alignment.md
analisis\20260801-analisis-design-system-fase1.md -> SharedLuxuryApp\DesignSystem\20260801-analisis-design-system-fase1.md
analisis\20260809-a11y-baseline-referencia.json -> SharedLuxuryApp\DesignSystem\20260809-a11y-baseline-referencia.json
analisis\20260809-hallazgo-credenciales-localstorage.md -> AuthLuxuryApp\Security\20260809-auditoria-auth-localstorage.md
analisis\20260810-diccionario-iconos.md -> SharedLuxuryApp\DesignSystem\20260810-diccionario-iconos.md
analisis\20260810-fase2-catalogo.md -> SharedLuxuryApp\DesignSystem\20260810-analisis-shared-design-system-fase2.md
analisis\20260810-inventario-iconos.md -> SharedLuxuryApp\DesignSystem\20260810-inventario-iconos.md
analisis\a11y-last-run.json -> SharedLuxuryApp\DesignSystem\20260810-auditoria-shared-a11y-last-run.json
analisis\comparativa-cobranza-nativa-vs-online.md -> CollectionsLuxuryApp\CobranzaNativa\20260726-analisis-collections-cobranza-comparativa.md
architecture\README.md -> SharedLuxuryApp\Architecture\20260801-arquitectura-shared-indice.md
architecture\shared\README.md -> SharedLuxuryApp\Architecture\20260801-arquitectura-shared-shared-indice.md
architecture\shared\PAGINACION.md -> SharedLuxuryApp\Architecture\20260801-arquitectura-shared-paginacion.md
architecture\shared\NOTIFICACIONES.md -> SystemLuxuryApp\Notifications\20260801-arquitectura-system-notificaciones.md
architecture\reclutamiento-candidates-design.md -> RecruitmentLuxuryApp\Candidates\20260801-arquitectura-recruitment-candidates.md
architecture\reclutamiento-flows-analysis.md -> RecruitmentLuxuryApp\Candidates\20260801-analisis-recruitment-candidates-flows.md
architecture\backend\API_ARCHITECTURE.md -> SharedLuxuryApp\Architecture\20260801-arquitectura-shared-api.md
architecture\backend\DATABASE.md -> SharedLuxuryApp\Architecture\20260801-arquitectura-shared-database.md
architecture\backend\VAULT_SYSTEM.md -> SystemLuxuryApp\Security\20260801-arquitectura-system-vault.md
architecture\frontend\ANGULAR_ARCHITECTURE.md -> SharedLuxuryApp\Architecture\20260801-arquitectura-shared-angular.md
architecture\frontend\arquitectura-organizacion-monolito.md -> SharedLuxuryApp\Architecture\20260801-arquitectura-shared-monolito.md
architecture\frontend\headless-unstyled-guide.md -> SharedLuxuryApp\Architecture\20260801-guia-shared-headless-unstyled.md
setup\SETUP_LOCAL.md -> SharedLuxuryApp\Conventions\20260701-setup-shared-local.md
setup\SECRETS_MANAGEMENT.md -> SystemLuxuryApp\Security\20260701-setup-system-secrets.md
guides\README.md -> SharedLuxuryApp\Conventions\20260801-guia-shared-readme-indice.md
guides\20260715-guia-agente-soporte-errores-refactor.md -> SharedLuxuryApp\Conventions\20260715-guia-agente-soporte-errores-refactor.md
guides\20260804-guia-flujo-centralizado-imagenes-frontend.md -> SharedLuxuryApp\Conventions\20260804-guia-flujo-centralizado-imagenes-frontend.md
guides\20260804-guia-playwright-e2e-testing.md -> SharedLuxuryApp\Conventions\20260804-guia-playwright-e2e-testing.md
guides\implementacion-refactorizacion.md -> SharedLuxuryApp\Conventions\20260801-guia-shared-implementacion-refactorizacion.md
changelogs\01_migracion_monolito_fase1_8.md -> SharedLuxuryApp\Conventions\20260913-changelog-shared-monolito-fase1-8.md
changelogs\03_fase9_recursos_humanos.md -> HumanResourcesLuxuryApp\Shared\20260912-changelog-hr-fase9.md
changelogs\04_fase9_reclutamiento.md -> RecruitmentLuxuryApp\Shared\20260912-changelog-recruitment-fase9.md
changelogs\05_fase9_mantenimiento.md -> MaintenanceLuxuryApp\Shared\20260912-changelog-maintenance-fase9.md
changelogs\06_fase9_operations.md -> OperationsLuxuryApp\Shared\20260912-changelog-operations-fase9.md
changelogs\07_fase9_cobranza.md -> CollectionsLuxuryApp\Shared\20260912-changelog-collections-fase9.md
changelogs\08_fase9_contabilidad.md -> AccountingLuxuryApp\Shared\20260912-changelog-accounting-fase9.md
changelogs\09_fase9_compras.md -> PurchasesLuxuryApp\Shared\20260912-changelog-purchases-fase9.md
changelogs\10_fase9_supplier.md -> SupplierLuxuryApp\Shared\20260912-changelog-supplier-fase9.md
changelogs\11_fase9_legal.md -> LegalLuxuryApp\Shared\20260912-changelog-legal-fase9.md
changelogs\12_fase9_committee.md -> CommitteeLuxuryApp\Shared\20260912-changelog-committee-fase9.md
changelogs\13_fase9_direccion.md -> ManagementLuxuryApp\Shared\20260912-changelog-management-fase9.md
changelogs\14_fase9_system.md -> SystemLuxuryApp\Shared\20260912-changelog-system-fase9.md
changelogs\15_auditoria_namespaces_integridad.md -> SharedLuxuryApp\Conventions\20260913-changelog-shared-namespaces-integridad.md
design-flutter\design-handoff.md -> SystemLuxuryApp\Flutter\20260801-guia-system-flutter-handoff.md
design-flutter\flutter-audit.md -> SystemLuxuryApp\Flutter\20260801-auditoria-system-flutter.md
design-flutter\manifest.md -> SystemLuxuryApp\Flutter\20260801-especificacion-system-flutter-manifest.md
design-flutter\PROGRESS.md -> SystemLuxuryApp\Flutter\20260801-changelog-system-flutter-progress.md
design-flutter\qa-report.md -> SystemLuxuryApp\Flutter\20260801-auditoria-system-flutter-qa.md
implementation-control\README.md -> SharedLuxuryApp\Conventions\20260801-guia-shared-implementation-control.md
implementation-control\AGENT_CAPABILITIES.md -> SharedLuxuryApp\Conventions\20260801-especificacion-shared-agent-capabilities.md
implementation-control\DELEGATION_CHECKLIST.md -> SharedLuxuryApp\Conventions\20260801-guia-shared-delegation-checklist.md
implementation-control\PLAN_TEMPLATE_DELEGACION.md -> SharedLuxuryApp\Conventions\20260801-guia-shared-plan-template-delegacion.md
implementation-control\20260812-contexto-candidates-retomar.md -> RecruitmentLuxuryApp\Candidates\20260812-analisis-recruitment-candidates-contexto.md
implementation-control\NOMINA_20260810_CONTROL_LOG.md -> HumanResourcesLuxuryApp\Payroll\20260810-changelog-hr-nomina-control.md
implementation-control\SOLICITUDESCOMPRA_20260907_CORRECCIONES.md -> PurchasesLuxuryApp\PurchaseRequests\20260907-changelog-purchases-solicitudes-correcciones.md
implementation-control\SOLICITUDESCOMPRA_20260907_PLAN_SUBCONCEPTOS.md -> PurchasesLuxuryApp\PurchaseRequests\20260907-plan-purchases-solicitudes-subconceptos.md
migraciones\20260818-luxuryapplogs-useractivities.sql -> SystemLuxuryApp\Logs\20260818-migracion-system-logs-useractivities.sql
migraciones\20260820-alertas-apagar-job-legado.md -> OperationsLuxuryApp\Tasks\20260820-changelog-operations-tasks-apagar-job.md
migraciones\20260820-alertas-verificacion-t01.sql -> OperationsLuxuryApp\Tasks\20260820-migracion-operations-tasks-verificacion.sql
scripts\verify-onesignal-migration.sql -> SystemLuxuryApp\Notifications\20260903-migracion-system-onesignal-verificacion.sql
prompts\20260811-continuidad-iconos-prompt.md -> SharedLuxuryApp\DesignSystem\20260811-prompt-shared-iconos-continuidad.md
prompts\analisis.-paquetes-nugets.md -> SharedLuxuryApp\Conventions\20260801-analisis-shared-nugets.md
prompts\auditoria.convention-pool.md -> SharedLuxuryApp\Conventions\20260801-prompt-shared-convention-pool.md
prompts\landing-page-luxuryapp.md -> SharedLuxuryApp\DesignSystem\20260801-analisis-shared-landing-page.md
prompts\limpieza-archivos.net.md -> SharedLuxuryApp\Conventions\20260801-prompt-shared-limpieza-archivos.md
AMENDMENT-APP-WEB-DEV-ONESIGNAL.md -> SystemLuxuryApp\Notifications\20260815-changelog-system-onesignal-amendment.md
ONESIGNAL-MIGRACION-RESUMEN.md -> SystemLuxuryApp\Notifications\20260903-changelog-system-onesignal-resumen.md
DEPLOYMENT-CHECKLIST-ONESIGNAL.md -> SystemLuxuryApp\Notifications\20260903-guia-system-onesignal-deployment.md
EXECUTIVE-SUMMARY-ONESIGNAL.md -> SystemLuxuryApp\Notifications\20260903-analisis-system-onesignal-resumen-ejecutivo.md
HOTFIX-ANDROID-PUSH-MALFORMED-APPID.md -> SystemLuxuryApp\Notifications\20260903-remediacion-system-onesignal-android-appid.md
ANALISIS_WARNINGS_EF_CORE.md -> SharedLuxuryApp\Conventions\20260801-analisis-shared-ef-core-warnings.md
AUDIT_FLUJO_CARGA_IMAGENES_IPHONE.md -> SharedLuxuryApp\Conventions\20260801-auditoria-shared-imagenes-iphone.md
AUDITORIA-COHERENCIA-CONVENTIONS-20260912.md -> SharedLuxuryApp\Conventions\20260912-auditoria-shared-conventions-coherencia.md
INVENTARIO-SHARED-SERVICES.md -> SharedLuxuryApp\Shared\20260801-analisis-shared-servicios-inventario.md
MIGRATION-PLAN-SHARED-FOLDER.md -> SharedLuxuryApp\Shared\20260801-plan-shared-folder-migracion.md
MIGRATION-COMPLETED-SHARED-FOLDER.md -> SharedLuxuryApp\Shared\20260801-changelog-shared-folder-migracion.md
FASE_6_PLAN_DETALLADO.md -> SharedLuxuryApp\DesignSystem\20260801-plan-shared-design-system-fase6.md
FASE_7_PLAN_DETALLADO.md -> SharedLuxuryApp\DesignSystem\20260801-plan-shared-design-system-fase7.md
FASE_6_7_RESUMEN_EJECUCION.md -> SharedLuxuryApp\DesignSystem\20260801-changelog-shared-design-system-fase6-7.md
TROUBLESHOOTING.md -> SharedLuxuryApp\Conventions\20260801-guia-shared-troubleshooting.md
PROMPT_ANALISIS_FLUJO_IMAGENES_IPHONE.md -> SharedLuxuryApp\Conventions\20260801-prompt-shared-imagenes-iphone.md
siigo-api-mexico-guide.md -> AccountingLuxuryApp\Integrations\20260801-guia-accounting-siigo.md
modulos-mapeados.md -> SharedLuxuryApp\Conventions\20260801-analisis-shared-modulos-mapeados.md
OperationsLuxuryApp\Task\20260916-plan-operations-task-refactor.md -> OperationsLuxuryApp\Tasks\20260916-plan-operations-tasks-refactor.md
plans\04-implementation-plan-mock-aspel.md -> AccountingLuxuryApp\Aspel\20260801-plan-accounting-aspel-04-implementation-plan-mock-aspel.md
plans\05-implementation-plan-angular-mock-aspel.md -> AccountingLuxuryApp\Aspel\20260801-plan-accounting-aspel-05-implementation-plan-angular-mock-aspel.md
plans\06-advanced-reporting-mock-aspel.md -> AccountingLuxuryApp\Aspel\20260801-plan-accounting-aspel-06-advanced-reporting-mock-aspel.md
plans\07-advanced-analysis-aspel-coi.md -> AccountingLuxuryApp\Aspel\20260801-plan-accounting-aspel-07-advanced-analysis-aspel-coi.md
plans\08-implementation-plan-mock-advanced-features.md -> AccountingLuxuryApp\Aspel\20260801-plan-accounting-aspel-08-implementation-plan-mock-advanced-features.md
plans\09-implementation-plan-dynamic-sync.md -> AccountingLuxuryApp\Aspel\20260801-plan-accounting-aspel-09-implementation-plan-dynamic-sync.md
plans\10-fix-angular-signals-binding.md -> AccountingLuxuryApp\Aspel\20260801-plan-accounting-aspel-10-fix-angular-signals-binding.md
plans\11-fix-periodo-filter.md -> AccountingLuxuryApp\Aspel\20260801-plan-accounting-aspel-11-fix-periodo-filter.md
plans\12-populate-customers-dropdown.md -> AccountingLuxuryApp\Aspel\20260801-plan-accounting-aspel-12-populate-customers-dropdown.md
plans\qa_gap_analysis_mockaspel.md -> AccountingLuxuryApp\Aspel\20260801-plan-accounting-aspel-qa_gap_analysis_mockaspel.md
plans\advanced-reporting-report.md -> AccountingLuxuryApp\Aspel\20260801-plan-accounting-aspel-advanced-reporting-report.md
plans\angular-mock-aspel-report.md -> AccountingLuxuryApp\Aspel\20260801-plan-accounting-aspel-angular-mock-aspel-report.md
plans\dynamic-sync-report.md -> AccountingLuxuryApp\Aspel\20260801-plan-accounting-aspel-dynamic-sync-report.md
plans\mock-advanced-features-report.md -> AccountingLuxuryApp\Aspel\20260801-plan-accounting-aspel-mock-advanced-features-report.md
plans\mock-aspel-execution-report.md -> AccountingLuxuryApp\Aspel\20260801-plan-accounting-aspel-mock-aspel-execution-report.md
plans\20260729-cobranza-online-remediacion-plan.md -> CollectionsLuxuryApp\CobranzaOnline\20260729-remediacion-collections-cobranza-online.md
plans\20260730-cobranza-online-remediacion-plan.md -> CollectionsLuxuryApp\CobranzaOnline\20260730-remediacion-collections-cobranza-online.md
plans\20260731-cobranza-online-remediacion-plan.md -> CollectionsLuxuryApp\CobranzaOnline\20260731-remediacion-collections-cobranza-online.md
plans\20260803-cobranza-online-remediacion-plan.md -> CollectionsLuxuryApp\CobranzaOnline\20260803-remediacion-collections-cobranza-online.md
plans\20260806-cobranza-online-remediacion-plan.md -> CollectionsLuxuryApp\CobranzaOnline\20260806-remediacion-collections-cobranza-online.md
plans\20260730-cobranza-nativa-remediacion-plan.md -> CollectionsLuxuryApp\CobranzaNativa\20260730-remediacion-collections-cobranza-nativa.md
plans\20260731-cobranza-nativa-remediacion-plan.md -> CollectionsLuxuryApp\CobranzaNativa\20260731-remediacion-collections-cobranza-nativa.md
plans\20260731-cobranza-nativa-fase-0-linea-base.md -> CollectionsLuxuryApp\CobranzaNativa\20260731-analisis-collections-cobranza-nativa-fase0.md
plans\20260731-cobranza-nativa-fase-5-baseline.md -> CollectionsLuxuryApp\CobranzaNativa\20260731-analisis-collections-cobranza-nativa-fase5.md
plans\20260731-cobranza-nativa-fase-5-mobile-strategy.md -> CollectionsLuxuryApp\CobranzaNativa\20260731-plan-collections-cobranza-nativa-fase5-mobile.md
plans\20260731-cobranza-nativa-fase-6-linea-base-documental.md -> CollectionsLuxuryApp\CobranzaNativa\20260731-analisis-collections-cobranza-nativa-fase6.md
plans\20260731-cobranza-nativa-fase-6-pendientes-residuales.md -> CollectionsLuxuryApp\CobranzaNativa\20260731-analisis-collections-cobranza-nativa-fase6-pendientes.md
plans\20260811-cobranza-nativa-reactivacion-plan.md -> CollectionsLuxuryApp\CobranzaNativa\20260811-plan-collections-cobranza-nativa-reactivacion.md
plans\20260729-banks-remediacion-plan.md -> AdminLuxuryApp\Banks\20260729-remediacion-admin-banks.md
plans\20260729-comite-vigilancia-remediacion-plan.md -> CommitteeLuxuryApp\Meetings\20260729-remediacion-committee-vigilancia.md
plans\20260730-orden-compra-remediacion-plan.md -> PurchasesLuxuryApp\PurchaseOrders\20260730-remediacion-purchases-ordenes-compra.md
plans\20260730-solicitud-compra-remediacion-plan.md -> PurchasesLuxuryApp\PurchaseRequests\20260730-remediacion-purchases-solicitudes-compra.md
plans\20260808-presentacion-junta-comite-remediacion-plan.md -> CommitteeLuxuryApp\Meetings\20260808-remediacion-committee-junta.md
plans\20260809-auth-luxuryapp-remediacion-plan.md -> AuthLuxuryApp\Security\20260809-remediacion-auth-security.md
plans\20260810-nomina-implementation-plan.md -> HumanResourcesLuxuryApp\Payroll\20260810-plan-hr-nomina.md
plans\20260820-supplier-provider-remediacion-plan.md -> SupplierLuxuryApp\Suppliers\20260820-remediacion-supplier-providers.md
plans\20260907-mapa-solicitudescompra-reestructura.md -> PurchasesLuxuryApp\PurchaseRequests\20260907-analisis-purchases-solicitudes-mapa.md
plans\analisis-reestructura-solicitudescompra.md -> PurchasesLuxuryApp\PurchaseRequests\20260907-analisis-purchases-solicitudes-reestructura.md
plans\20260907-mapa-ordenescompra-reestructura.md -> PurchasesLuxuryApp\PurchaseOrders\20260907-analisis-purchases-ordenes-mapa.md
plans\20260801-design-system-remediacion-plan.md -> SharedLuxuryApp\DesignSystem\20260801-plan-shared-design-system-remediacion.md
plans\20260809-design-system-remediacion-integral-plan.md -> SharedLuxuryApp\DesignSystem\20260809-plan-shared-design-system-remediacion.md
plans\20260809-color-unificacion-ancla-003152-plan.md -> SharedLuxuryApp\DesignSystem\20260809-plan-shared-design-system-color-unificacion.md
plans\primeflex-migration-addendum.md -> SharedLuxuryApp\DesignSystem\20260812-plan-shared-primeflex-addendum.md
plans\primeflex-migration-audit.md -> SharedLuxuryApp\DesignSystem\20260812-auditoria-shared-primeflex-migracion.md
plans\primeng-components-audit.md -> SharedLuxuryApp\DesignSystem\20260812-auditoria-shared-primeng-componentes.md
plans\20260902-remediacion-shared-ui-styles-plan.md -> SharedLuxuryApp\DesignSystem\20260902-remediacion-shared-ui-styles.md
plans\20260902-catalogo-material-ui-widgets-flutter-plan.md -> SystemLuxuryApp\Flutter\20260902-plan-system-flutter-catalogo-widgets.md
plans\20260813-reclutamiento-candidates-remediacion-plan.md -> RecruitmentLuxuryApp\Candidates\20260813-remediacion-recruitment-candidates.md
plans\20260815-candidates-refactor-v3-plan.md -> RecruitmentLuxuryApp\Candidates\20260815-plan-recruitment-candidates-refactor-v3.md
plans\20260815-candidates-refactor-v3-prompts.md -> RecruitmentLuxuryApp\Candidates\20260815-prompt-recruitment-candidates-refactor-v3.md
plans\20260817-alta-empleado-handoff.md -> RecruitmentLuxuryApp\Candidates\20260817-guia-recruitment-candidates-alta-handoff.md
plans\20260818-descarga-pdf-alta-trabajador.md -> RecruitmentLuxuryApp\Candidates\20260818-analisis-recruitment-candidates-pdf-alta.md
plans\20260818-retroalimentacion-documentos.md -> RecruitmentLuxuryApp\Candidates\20260818-analisis-recruitment-candidates-retroalimentacion.md
plans\20260818-ticket1-candidatos.md -> RecruitmentLuxuryApp\Candidates\20260818-plan-recruitment-candidates-ticket1.md
plans\20260818-ticket2-refinamiento-formularios.md -> RecruitmentLuxuryApp\Candidates\20260818-plan-recruitment-candidates-ticket2.md
plans\20260818-ticket3-documentos.md -> RecruitmentLuxuryApp\Candidates\20260818-plan-recruitment-candidates-ticket3.md
plans\20260818-ticket4-checklist-onboarding.md -> RecruitmentLuxuryApp\Candidates\20260818-plan-recruitment-candidates-ticket4.md
plans\20260818-ticket5-contratos.md -> RecruitmentLuxuryApp\Candidates\20260818-plan-recruitment-candidates-ticket5.md
plans\20260818-validacion-documentos-reclutamiento.md -> RecruitmentLuxuryApp\Candidates\20260818-auditoria-recruitment-candidates-documentos.md
plans\20260819-migracion-redundancia-reclutamiento.md -> RecruitmentLuxuryApp\Candidates\20260819-plan-recruitment-candidates-migracion.md
plans\20260819-ticket6-ajustes-entrevista-y-foto.md -> RecruitmentLuxuryApp\Candidates\20260819-plan-recruitment-candidates-ticket6.md
plans\sprint-estabilizacion-candidatos.md -> RecruitmentLuxuryApp\Candidates\20260815-plan-recruitment-candidates-sprint-estabilizacion.md
plans\audit_hr_recruitment_2026.md -> RecruitmentLuxuryApp\Shared\20260801-auditoria-recruitment-shared-2026.md
plans\refactor-employee-beneficiary.md -> HumanResourcesLuxuryApp\Employees\20260801-plan-hr-employees-beneficiary.md
plans\track-flex-inputs-plan.md -> RecruitmentLuxuryApp\Candidates\20260815-plan-recruitment-candidates-track-flex.md
plans\20260908-plan-migracion-frontend-plurales-reclutamiento.md -> RecruitmentLuxuryApp\Shared\20260908-plan-recruitment-shared-plurales.md
plans\20260908-plan-remove-candidate-from-operations.md -> RecruitmentLuxuryApp\Shared\20260908-plan-recruitment-shared-remove-operations.md
plans\MOVE-RECLUTAMIENTO-RECRUITMENT-PROMPT.md -> RecruitmentLuxuryApp\Shared\20260908-prompt-recruitment-shared-rename.md
plans\RENAME-RECLUTAMIENTO-FOLDERS-PROMPT.md -> RecruitmentLuxuryApp\Shared\20260908-prompt-recruitment-shared-rename-folders.md
plans\RENAME-5-SINGULAR-FOLDERS-PROMPT.md -> SharedLuxuryApp\Conventions\20260908-prompt-shared-rename-singular-folders.md
plans\20260820-alertas-tareas-recurrentes-orquestacion.md -> OperationsLuxuryApp\Tasks\20260820-plan-operations-tasks-alertas.md
plans\20260821-catalogo-rutas-angular-tareas-recurrentes-y-organigrama.md -> OperationsLuxuryApp\Tasks\20260821-plan-operations-tasks-catalogo-rutas.md
plans\20260821-d11-organigrama-roles-orquestacion.md -> HumanResourcesLuxuryApp\OrgChart\20260821-plan-hr-orgchart-d11.md
plans\20260821-whatsapp-plantillas-especificacion.md -> SystemLuxuryApp\Notifications\20260821-especificacion-system-whatsapp-plantillas.md
plans\20260823-exencion-roles-superusuario-direccion-plan.md -> ManagementLuxuryApp\Shared\20260823-plan-management-shared-exencion-roles.md
plans\20260825-credenciales-notificacion-unificacion-plan.md -> SystemLuxuryApp\Notifications\20260825-plan-system-notificaciones-credenciales.md
plans\20260915-operations-task-engine-remediacion-plan.md -> OperationsLuxuryApp\Tasks\20260915-remediacion-operations-task-engine.md
plans\qa_gap_analysis_work_position_schedules.md -> HumanResourcesLuxuryApp\WorkPositions\20260903-auditoria-hr-work-position-gaps.md
plans\qa_gap_analysis_migration.md -> SharedLuxuryApp\Conventions\20260908-auditoria-shared-migracion-gaps.md
plans\20260812-jobs-audit-results.md -> AdminLuxuryApp\Jobs\20260812-auditoria-admin-jobs-results.md
plans\20260812-PLAN-JOBS-REMEDIACION.md -> AdminLuxuryApp\Jobs\20260812-remediacion-admin-jobs.md
plans\20260729-conventions-system-restructure-plan.md -> SharedLuxuryApp\Conventions\20260729-plan-shared-conventions-restructure.md
plans\20260730-consolidacion-documental-total-plan.md -> SharedLuxuryApp\Conventions\20260730-plan-shared-conventions-consolidacion.md
plans\20260807-luxuryapp-monolito-nuevo-plan.md -> SharedLuxuryApp\Architecture\20260807-plan-shared-monolito-nuevo.md
plans\20260801-nuget-refactorizacion-consolidacion-plan.md -> SharedLuxuryApp\Conventions\20260801-plan-shared-nuget-refactor.md
plans\20260908-refactor-namespaces-carpetas-dbset-plan.md -> SharedLuxuryApp\Conventions\20260908-plan-shared-namespaces-dbset.md
plans\20260909-plan-migracion-nombres-api-db-conventions.md -> SharedLuxuryApp\Conventions\20260909-plan-shared-nombres-api-db.md
plans\20260910-plan-estandarizacion-idioma.md -> SharedLuxuryApp\Conventions\20260910-plan-shared-idioma.md
plans\20260910-traduccion-tablas.md -> SharedLuxuryApp\Conventions\20260910-plan-shared-traduccion-tablas.md
plans\20260911-plan-estandarizacion-dtos.md -> SharedLuxuryApp\Conventions\20260911-plan-shared-estandarizacion-dtos.md
plans\20260911-plan-estandarizacion-nombres-api.md -> SharedLuxuryApp\Conventions\20260911-plan-shared-estandarizacion-nombres-api.md
plans\20260911-plan-fragmentacion-dbcontext.md -> SharedLuxuryApp\Conventions\20260911-plan-shared-fragmentacion-dbcontext.md
plans\20260911-REFACTOR-TESTS-NAMESPACES-PLAN.md -> SharedLuxuryApp\Conventions\20260911-plan-shared-tests-namespaces.md
plans\20260911-REFACTOR-TESTS-PATHBASED-PLAN.md -> SharedLuxuryApp\Conventions\20260911-plan-shared-tests-pathbased.md
plans\active_requirements_backlog.md -> SharedLuxuryApp\Conventions\20260801-plan-shared-backlog-requisitos.md
plans\20260903-work-position-remediacion-plan.md -> HumanResourcesLuxuryApp\WorkPositions\20260903-remediacion-hr-work-position.md
plans\20260904-work-position-schedule-normalizacion-plan.md -> HumanResourcesLuxuryApp\WorkPositions\20260904-plan-hr-work-position-normalizacion.md
plans\20260910-plan-refactorizado-task-a-issue.md -> OperationsLuxuryApp\Tasks\20260910-plan-operations-task-a-issue.md
modulos-nuevos\README.md -> SharedLuxuryApp\Conventions\20260730-guia-shared-modulos-nuevos-legacy.md
modulos-nuevos\ai-chat\README.md -> SystemLuxuryApp\AiChat\20260801-guia-system-ai-chat-readme.md
modulos-nuevos\ai-chat\01-discovery-cuestionario.md -> SystemLuxuryApp\AiChat\20260801-discovery-system-ai-chat.md
modulos-nuevos\ai-chat\01b-entidad-estructura.md -> SystemLuxuryApp\AiChat\20260801-arquitectura-system-ai-chat-entidad.md
modulos-nuevos\aspel\CRUD_ASPEL.md -> AccountingLuxuryApp\Aspel\20260801-plan-accounting-aspel-crud.md
modulos-nuevos\aspel\CRUD_ASPEL_v2.md -> AccountingLuxuryApp\Aspel\20260801-plan-accounting-aspel-crud-v2.md
modulos-nuevos\aspel\CRUD_ASPEL_v2_outlook.html -> AccountingLuxuryApp\Aspel\20260801-especificacion-accounting-aspel-crud-v2-outlook.html
modulos-nuevos\aspel\integracion-aspel-luxuryapp.md -> AccountingLuxuryApp\Aspel\20260801-plan-accounting-aspel-integracion.md
modulos-nuevos\CobranzaOnline\02-business-rules-analysis.md -> CollectionsLuxuryApp\CobranzaOnline\20260805-business-rules-collections-cobranza-online.md
modulos-nuevos\hr-policy-engine\02-business-rules-analysis.md -> HumanResourcesLuxuryApp\HrPolicyEngine\20260902-business-rules-hr-policy-engine.md
modulos-nuevos\hr-policy-engine\04-implementation-plan.md -> HumanResourcesLuxuryApp\HrPolicyEngine\20260902-plan-hr-policy-engine.md
modulos-nuevos\LuxuryAppLogs\README.md -> SystemLuxuryApp\Logs\20260818-guia-system-logs-readme.md
modulos-nuevos\LuxuryAppLogs\01-discovery-cuestionario.md -> SystemLuxuryApp\Logs\20260818-discovery-system-logs.md
modulos-nuevos\LuxuryAppLogs\01b-entidad-estructura.md -> SystemLuxuryApp\Logs\20260818-arquitectura-system-logs-entidad.md
modulos-nuevos\LuxuryAppLogs\02-business-rules-analysis.md -> SystemLuxuryApp\Logs\20260818-business-rules-system-logs.md
modulos-nuevos\LuxuryAppLogs\03-riesgos-dependencias.md -> SystemLuxuryApp\Logs\20260818-analisis-system-logs-riesgos.md
modulos-nuevos\LuxuryAppLogs\04-implementation-plan.md -> SystemLuxuryApp\Logs\20260818-plan-system-logs.md
modulos-nuevos\LuxuryAppLogs\CHECKLIST.md -> SystemLuxuryApp\Logs\20260818-checklist-system-logs.md
modulos-nuevos\onboarding-checklist\01-discovery-cuestionario.md -> HumanResourcesLuxuryApp\Onboarding\20260815-discovery-hr-onboarding.md
modulos-nuevos\onboarding-checklist\01b-entidad-estructura.md -> HumanResourcesLuxuryApp\Onboarding\20260815-arquitectura-hr-onboarding-entidad.md
modulos-nuevos\onboarding-checklist\02-business-rules-analysis.md -> HumanResourcesLuxuryApp\Onboarding\20260815-business-rules-hr-onboarding.md
modulos-nuevos\onboarding-checklist\04-implementation-plan.md -> HumanResourcesLuxuryApp\Onboarding\20260815-plan-hr-onboarding.md
modulos-nuevos\reestructuracion-reclutamiento-candidates\README.md -> RecruitmentLuxuryApp\Candidates\20260815-guia-recruitment-candidates-reestructura-readme.md
modulos-nuevos\reestructuracion-reclutamiento-candidates\01-discovery-cuestionario.md -> RecruitmentLuxuryApp\Candidates\20260815-discovery-recruitment-candidates.md
modulos-nuevos\reestructuracion-reclutamiento-candidates\02-business-rules-analysis.md -> RecruitmentLuxuryApp\Candidates\20260815-business-rules-recruitment-candidates.md
modulos-nuevos\reestructuracion-reclutamiento-candidates\03-preliminary-architecture.md -> RecruitmentLuxuryApp\Candidates\20260815-arquitectura-recruitment-candidates-reestructura.md
modulos-nuevos\reestructuracion-reclutamiento-candidates\04-implementation-plan.md -> RecruitmentLuxuryApp\Candidates\20260815-plan-recruitment-candidates-reestructura.md
modulos-nuevos\reestructuracion-reclutamiento-candidates\06-execution-handoff.md -> RecruitmentLuxuryApp\Candidates\20260815-guia-recruitment-candidates-handoff.md
modulos-nuevos\reestructuracion-reclutamiento-candidates\CHECKLIST.md -> RecruitmentLuxuryApp\Candidates\20260815-checklist-recruitment-candidates.md
modulos-nuevos\registro-entradas-personal\README.md -> HumanResourcesLuxuryApp\AccessLog\20260820-guia-hr-access-log-readme.md
modulos-nuevos\registro-entradas-personal\01-discovery-cuestionario.md -> HumanResourcesLuxuryApp\AccessLog\20260820-discovery-hr-access-log.md
modulos-nuevos\registro-entradas-personal\02-business-rules-analysis.md -> HumanResourcesLuxuryApp\AccessLog\20260820-business-rules-hr-access-log.md
modulos-nuevos\registro-entradas-personal\CHECKLIST.md -> HumanResourcesLuxuryApp\AccessLog\20260820-checklist-hr-access-log.md
modulos-existente\alertas-tareas-recurrentes\README.md -> OperationsLuxuryApp\Tasks\20260820-guia-operations-tasks-alertas-readme.md
modulos-existente\alertas-tareas-recurrentes\CHECKLIST.md -> OperationsLuxuryApp\Tasks\20260820-checklist-operations-tasks-alertas.md
modulos-existente\alertas-tareas-recurrentes\HANDOFF.md -> OperationsLuxuryApp\Tasks\20260820-guia-operations-tasks-alertas-handoff.md
modulos-existente\alertas-tareas-recurrentes\01-discovery-cuestionario.md -> OperationsLuxuryApp\Tasks\20260820-discovery-operations-tasks-alertas.md
modulos-existente\alertas-tareas-recurrentes\01b-entidad-estructura.md -> OperationsLuxuryApp\Tasks\20260820-arquitectura-operations-tasks-alertas-entidad.md
modulos-existente\alertas-tareas-recurrentes\02-business-rules-analysis.md -> OperationsLuxuryApp\Tasks\20260820-business-rules-operations-tasks-alertas.md
modulos-existente\alertas-tareas-recurrentes\02b-enmienda-anclaje-grupos.md -> OperationsLuxuryApp\Tasks\20260820-business-rules-operations-tasks-anclaje-grupos.md
modulos-existente\alertas-tareas-recurrentes\03-riesgos-dependencias.md -> OperationsLuxuryApp\Tasks\20260820-analisis-operations-tasks-alertas-riesgos.md
modulos-existente\alertas-tareas-recurrentes\05-validacion-calendario-cliente.md -> OperationsLuxuryApp\Tasks\20260821-auditoria-operations-tasks-validacion-calendario.md
modulos-existente\alertas-tareas-recurrentes\06-analisis-flujos-simplificacion.md -> OperationsLuxuryApp\Tasks\20260821-analisis-operations-tasks-flujos.md
modulos-existente\alertas-tareas-recurrentes\06b-analisis-flujos-Kilo.md -> OperationsLuxuryApp\Tasks\20260821-analisis-operations-tasks-flujos-kilo.md
modulos-existente\alertas-tareas-recurrentes\PROMPT-analisis-flujos.md -> OperationsLuxuryApp\Tasks\20260821-prompt-operations-tasks-flujos.md
modulos-existente\reclutamiento-candidatos\02-fase-0-analisis-reglas.md -> RecruitmentLuxuryApp\Candidates\20260801-business-rules-recruitment-candidates-fase0.md
modulos-existente\reclutamiento-candidatos\04-plan-implementacion.md -> RecruitmentLuxuryApp\Candidates\20260805-plan-recruitment-candidates-implementacion.md
modulos-existente\reclutamiento-candidatos\05-checklist-pruebas.md -> RecruitmentLuxuryApp\Candidates\20260805-checklist-recruitment-candidates-pruebas.md
modulos-existente\reclutamiento-candidatos\06-criterios-aprobacion.md -> RecruitmentLuxuryApp\Candidates\20260805-especificacion-recruitment-candidates-aprobacion.md
modulos-existente\reclutamiento-candidatos\07-hallazgos-incidencias.md -> RecruitmentLuxuryApp\Candidates\20260808-auditoria-recruitment-candidates-incidencias.md
modulos-existente\reclutamiento-candidatos\08-nuevos-requerimientos.md -> RecruitmentLuxuryApp\Candidates\20260808-analisis-recruitment-candidates-requerimientos.md
modulos-existente\reclutamiento-candidatos\08-plan-convergencia-retroalimentacion.md -> RecruitmentLuxuryApp\Candidates\20260808-plan-recruitment-candidates-convergencia.md
modulos-existente\reclutamiento-candidatos\mvp2-roadmap.md -> RecruitmentLuxuryApp\Shared\20260810-plan-recruitment-shared-mvp2-roadmap.md
plans\2026-08-30-migracion-iconos-catalogo-controlado.md -> SharedLuxuryApp\DesignSystem\20260830-plan-shared-iconos-catalogo-controlado.md
plans\20260826-fechas-horas-orquestacion.md -> SharedLuxuryApp\FechasHoras\20260826-plan-shared-fechas-horas.md
aspel\5. AVIVIA 58, ABRIL COB 26.xlsx -> AccountingLuxuryApp\Aspel\20260401-analisis-accounting-aspel-avivia-58.xlsx
aspel\ASPEL_API_GUIDE.md -> AccountingLuxuryApp\Aspel\20260715-guia-accounting-aspel-api.md
aspel\INFORME_MODULO_COBRANZA_ONLINE.md -> CollectionsLuxuryApp\CobranzaOnline\20260801-auditoria-collections-cobranza-online-aspel.md
aspel\plan-modificacion(1).md -> AccountingLuxuryApp\Aspel\20260801-plan-accounting-aspel-modificacion.md
aspel\auxiliares.json -> AccountingLuxuryApp\Aspel\20260801-analisis-accounting-aspel-auxiliares.json
aspel\cuentas.json -> AccountingLuxuryApp\Aspel\20260801-analisis-accounting-aspel-cuentas.json
aspel\polizas.json -> AccountingLuxuryApp\Aspel\20260801-analisis-accounting-aspel-polizas.json
aspel\saldos.json -> AccountingLuxuryApp\Aspel\20260801-analisis-accounting-aspel-saldos.json
aspel\mtk\auxiliares.json -> AccountingLuxuryApp\Aspel\20260801-analisis-accounting-aspel-mtk-auxiliares.json
aspel\mtk\cuentas.json -> AccountingLuxuryApp\Aspel\20260801-analisis-accounting-aspel-mtk-cuentas.json
aspel\mtk\polizas.json -> AccountingLuxuryApp\Aspel\20260801-analisis-accounting-aspel-mtk-polizas.json
aspel\mtk\saldos.json -> AccountingLuxuryApp\Aspel\20260801-analisis-accounting-aspel-mtk-saldos.json
plans\execution\LEDGER.md -> SharedLuxuryApp\DesignSystem\20260901-changelog-shared-design-system-execution-ledger.md
plans\execution\RELAY-PROTOCOL.md -> SharedLuxuryApp\Conventions\20260901-especificacion-shared-relay-protocol.md
plans\execution\RECETA-EXTRACCION-PORTAL.md -> SharedLuxuryApp\DesignSystem\20260901-guia-shared-extraccion-portal.md
plans\execution\REPORTE-RUTAS-POR-PORTAL.md -> SharedLuxuryApp\DesignSystem\20260901-analisis-shared-rutas-portal.md
plans\execution\CLASIFICACION-72-AMARRAS.md -> SharedLuxuryApp\DesignSystem\20260901-analisis-shared-clasificacion-72-amarras.md
plans\execution\RUNBOOK-fase-0-1.md -> SharedLuxuryApp\DesignSystem\20260901-plan-shared-runbook-fase0-1.md
plans\execution\RUNBOOK-fase-2.md -> SharedLuxuryApp\DesignSystem\20260901-plan-shared-runbook-fase2.md
plans\execution\RUNBOOK-fase-3-committee.md -> SharedLuxuryApp\DesignSystem\20260901-plan-shared-runbook-fase3-committee.md
plans\execution\RUNBOOK-fase-3-public.md -> SharedLuxuryApp\DesignSystem\20260901-plan-shared-runbook-fase3-public.md
plans\execution\RUNBOOK-fase-3-web.md -> SharedLuxuryApp\DesignSystem\20260901-plan-shared-runbook-fase3-web.md
plans\execution\compare-trees.ps1 -> SharedLuxuryApp\Conventions\20260901-analisis-shared-compare-trees.ps1
plans\execution\baseline\audit-apps.txt -> SharedLuxuryApp\DesignSystem\20260901-auditoria-shared-baseline-audit-apps.txt
plans\execution\baseline\build-1.3-FALLIDO.txt -> SharedLuxuryApp\DesignSystem\20260901-auditoria-shared-baseline-build-1.3-FALLIDO.txt
plans\execution\baseline\build-1.3-FIXED.txt -> SharedLuxuryApp\DesignSystem\20260901-auditoria-shared-baseline-build-1.3-FIXED.txt
plans\execution\baseline\build-dev.txt -> SharedLuxuryApp\DesignSystem\20260901-auditoria-shared-baseline-build-dev.txt
plans\execution\baseline\build-prod.txt -> SharedLuxuryApp\DesignSystem\20260901-auditoria-shared-baseline-build-prod.txt
plans\execution\baseline\smoke-nuevo.txt -> SharedLuxuryApp\DesignSystem\20260901-auditoria-shared-baseline-smoke-nuevo.txt
plans\execution\baseline\smoke-viejo.txt -> SharedLuxuryApp\DesignSystem\20260901-auditoria-shared-baseline-smoke-viejo.txt
plans\prompts\D11-01-esquema-orghierarchy-roles.md -> HumanResourcesLuxuryApp\OrgChart\20260821-prompt-hr-orgchart-D11-01-esquema-orghierarchy-roles.md
plans\prompts\D11-01b-continuar-truncar-y-migrar.md -> HumanResourcesLuxuryApp\OrgChart\20260821-prompt-hr-orgchart-D11-01b-continuar-truncar-y-migrar.md
plans\prompts\D11-02-backend-organigrama-roles.md -> HumanResourcesLuxuryApp\OrgChart\20260821-prompt-hr-orgchart-D11-02-backend-organigrama-roles.md
plans\prompts\D11-03-frontend-organigrama-roles.md -> HumanResourcesLuxuryApp\OrgChart\20260821-prompt-hr-orgchart-D11-03-frontend-organigrama-roles.md
plans\prompts\D11-04-esquema-taskjustification.md -> HumanResourcesLuxuryApp\OrgChart\20260821-prompt-hr-orgchart-D11-04-esquema-taskjustification.md
plans\prompts\D11-05-servicio-taskjustification.md -> HumanResourcesLuxuryApp\OrgChart\20260821-prompt-hr-orgchart-D11-05-servicio-taskjustification.md
plans\prompts\D11-06-integracion-motor-alertas.md -> HumanResourcesLuxuryApp\OrgChart\20260821-prompt-hr-orgchart-D11-06-integracion-motor-alertas.md
plans\prompts\D11-07-frontend-task-justification-panel.md -> HumanResourcesLuxuryApp\OrgChart\20260821-prompt-hr-orgchart-D11-07-frontend-task-justification-panel.md
plans\prompts\FH-01-backend-datetimenow-a-utcnow.md -> SharedLuxuryApp\FechasHoras\20260826-prompt-shared-fechas-horas-FH-01-backend-datetimenow-a-utcnow.md
plans\prompts\FH-01b-correccion-scheduling-mexico-time.md -> SharedLuxuryApp\FechasHoras\20260826-prompt-shared-fechas-horas-FH-01b-correccion-scheduling-mexico-time.md
plans\prompts\FH-01c-correccion-syncmessage-faltante.md -> SharedLuxuryApp\FechasHoras\20260826-prompt-shared-fechas-horas-FH-01c-correccion-syncmessage-faltante.md
plans\prompts\FH-02-backend-parse-invariant-culture.md -> SharedLuxuryApp\FechasHoras\20260826-prompt-shared-fechas-horas-FH-02-backend-parse-invariant-culture.md
plans\prompts\FH-03-conventions-prohibir-now-today.md -> SharedLuxuryApp\FechasHoras\20260826-prompt-shared-fechas-horas-FH-03-conventions-prohibir-now-today.md
plans\prompts\FH-04a-backend-iauditable-batch-simple.md -> SharedLuxuryApp\FechasHoras\20260826-prompt-shared-fechas-horas-FH-04a-backend-iauditable-batch-simple.md
plans\prompts\FH-04b-backend-iauditable-diagramas.md -> SharedLuxuryApp\FechasHoras\20260826-prompt-shared-fechas-horas-FH-04b-backend-iauditable-diagramas.md
plans\prompts\FH-04b-fix-diagramdraw-automapper.md -> SharedLuxuryApp\FechasHoras\20260826-prompt-shared-fechas-horas-FH-04b-fix-diagramdraw-automapper.md
plans\prompts\FH-04c-backend-iauditable-announcement-customdocument.md -> SharedLuxuryApp\FechasHoras\20260827-prompt-shared-fechas-horas-FH-04c-backend-iauditable-announcement-customdocument.md
plans\prompts\FH-04d-backend-iauditable-tasks-legacy.md -> SharedLuxuryApp\FechasHoras\20260827-prompt-shared-fechas-horas-FH-04d-backend-iauditable-tasks-legacy.md
plans\prompts\FH-09a-backend-dateonly-rrhh-permisos-aditivo.md -> SharedLuxuryApp\FechasHoras\20260827-prompt-shared-fechas-horas-FH-09a-backend-dateonly-rrhh-permisos-aditivo.md
plans\prompts\FH-09b-backend-dateonly-nomina-mantenimiento-aditivo.md -> SharedLuxuryApp\FechasHoras\20260827-prompt-shared-fechas-horas-FH-09b-backend-dateonly-nomina-mantenimiento-aditivo.md
plans\prompts\FH-09c-backend-dateonly-tasks-aditivo.md -> SharedLuxuryApp\FechasHoras\20260827-prompt-shared-fechas-horas-FH-09c-backend-dateonly-tasks-aditivo.md
plans\prompts\FH-09d-backend-dateonly-resto-casos-aditivo.md -> SharedLuxuryApp\FechasHoras\20260827-prompt-shared-fechas-horas-FH-09d-backend-dateonly-resto-casos-aditivo.md
plans\prompts\FH-10-frontend-pipe-apidate.md -> SharedLuxuryApp\FechasHoras\20260827-prompt-shared-fechas-horas-FH-10-frontend-pipe-apidate.md
plans\prompts\FH-11a-frontend-migrar-resident-apidate.md -> SharedLuxuryApp\FechasHoras\20260827-prompt-shared-fechas-horas-FH-11a-frontend-migrar-resident-apidate.md
plans\prompts\FH-11b-frontend-migrar-committee-compras-auth-apidate.md -> SharedLuxuryApp\FechasHoras\20260827-prompt-shared-fechas-horas-FH-11b-frontend-migrar-committee-compras-auth-apidate.md
plans\prompts\FH-11c-frontend-migrar-direccion-contabilidad-system-legal-apidate.md -> SharedLuxuryApp\FechasHoras\20260827-prompt-shared-fechas-horas-FH-11c-frontend-migrar-direccion-contabilidad-system-legal-apidate.md
plans\prompts\FH-11d-frontend-migrar-admin-apidate.md -> SharedLuxuryApp\FechasHoras\20260827-prompt-shared-fechas-horas-FH-11d-frontend-migrar-admin-apidate.md
plans\prompts\FH-11e-diff.txt -> SharedLuxuryApp\FechasHoras\20260827-prompt-shared-fechas-horas-FH-11e-diff.txt
plans\prompts\FH-11e-frontend-migrar-reclutamiento-apidate.md -> SharedLuxuryApp\FechasHoras\20260827-prompt-shared-fechas-horas-FH-11e-frontend-migrar-reclutamiento-apidate.md
plans\prompts\FH-11f-frontend-migrar-supplier-apidate.md -> SharedLuxuryApp\FechasHoras\20260827-prompt-shared-fechas-horas-FH-11f-frontend-migrar-supplier-apidate.md
plans\prompts\FH-11g-frontend-migrar-cobranza-apidate.md -> SharedLuxuryApp\FechasHoras\20260827-prompt-shared-fechas-horas-FH-11g-frontend-migrar-cobranza-apidate.md
plans\prompts\FH-11h-frontend-migrar-mantenimiento-fire-equipment-apidate.md -> SharedLuxuryApp\FechasHoras\20260827-prompt-shared-fechas-horas-FH-11h-frontend-migrar-mantenimiento-fire-equipment-apidate.md
plans\prompts\FH-11i-frontend-migrar-mantenimiento-logs-reportes-apidate.md -> SharedLuxuryApp\FechasHoras\20260827-prompt-shared-fechas-horas-FH-11i-frontend-migrar-mantenimiento-logs-reportes-apidate.md
plans\prompts\FH-11j-frontend-migrar-operations-apidate.md -> SharedLuxuryApp\FechasHoras\20260827-prompt-shared-fechas-horas-FH-11j-frontend-migrar-operations-apidate.md
plans\prompts\FH-11k-frontend-migrar-rrhh-employee-file-detail-apidate.md -> SharedLuxuryApp\FechasHoras\20260827-prompt-shared-fechas-horas-FH-11k-frontend-migrar-rrhh-employee-file-detail-apidate.md
plans\prompts\FH-11l-frontend-migrar-rrhh-nomina-apidate.md -> SharedLuxuryApp\FechasHoras\20260828-prompt-shared-fechas-horas-FH-11l-frontend-migrar-rrhh-nomina-apidate.md
plans\prompts\FH-11m-frontend-migrar-rrhh-incidencias-sanciones-apidate.md -> SharedLuxuryApp\FechasHoras\20260828-prompt-shared-fechas-horas-FH-11m-frontend-migrar-rrhh-incidencias-sanciones-apidate.md
plans\prompts\FH-11n-frontend-migrar-rrhh-vacaciones-permisos-apidate.md -> SharedLuxuryApp\FechasHoras\20260828-prompt-shared-fechas-horas-FH-11n-frontend-migrar-rrhh-vacaciones-permisos-apidate.md
plans\prompts\FH-11o-frontend-migrar-rrhh-contratos-entrevistas-evaluaciones-apidate.md -> SharedLuxuryApp\FechasHoras\20260828-prompt-shared-fechas-horas-FH-11o-frontend-migrar-rrhh-contratos-entrevistas-evaluaciones-apidate.md
plans\prompts\FH-11p-frontend-migrar-gaps-residuales-apidate.md -> SharedLuxuryApp\FechasHoras\20260828-prompt-shared-fechas-horas-FH-11p-frontend-migrar-gaps-residuales-apidate.md
plans\prompts\FH-12-backend-dateonly-utcnow-a-mexicodateonly.md -> SharedLuxuryApp\FechasHoras\20260826-prompt-shared-fechas-horas-FH-12-backend-dateonly-utcnow-a-mexicodateonly.md
plans\prompts\FH-12b-correccion-propertymember-asof.md -> SharedLuxuryApp\FechasHoras\20260826-prompt-shared-fechas-horas-FH-12b-correccion-propertymember-asof.md
plans\prompts\FH-14-backend-datetimetoday-a-mexicotime.md -> SharedLuxuryApp\FechasHoras\20260826-prompt-shared-fechas-horas-FH-14-backend-datetimetoday-a-mexicotime.md
plans\prompts\FH-2Xa-frontend-tipado-estricto-dto-cobranza.md -> SharedLuxuryApp\FechasHoras\20260828-prompt-shared-fechas-horas-FH-2Xa-frontend-tipado-estricto-dto-cobranza.md
plans\prompts\FH-2Xb-frontend-bugs-escritura-y-dto-genuinos.md -> SharedLuxuryApp\FechasHoras\20260828-prompt-shared-fechas-horas-FH-2Xb-frontend-bugs-escritura-y-dto-genuinos.md
plans\prompts\T-01-verificacion-y-monitoreo.md -> OperationsLuxuryApp\Tasks\20260820-prompt-operations-tasks-T-01-verificacion-y-monitoreo.md
plans\prompts\T-01b-correccion-apagado-job.md -> OperationsLuxuryApp\Tasks\20260821-prompt-operations-tasks-T-01b-correccion-apagado-job.md
plans\prompts\T-02-critical-priority-level.md -> OperationsLuxuryApp\Tasks\20260821-prompt-operations-tasks-T-02-critical-priority-level.md
plans\prompts\T-03-extender-recurring-task-template.md -> OperationsLuxuryApp\Tasks\20260821-prompt-operations-tasks-T-03-extender-recurring-task-template.md
plans\prompts\T-04-servicio-catalogo.md -> OperationsLuxuryApp\Tasks\20260821-prompt-operations-tasks-T-04-servicio-catalogo.md
plans\prompts\T-04b-correccion-status-post.md -> OperationsLuxuryApp\Tasks\20260821-prompt-operations-tasks-T-04b-correccion-status-post.md
plans\prompts\T-05-recurrence-input-varios-dias.md -> OperationsLuxuryApp\Tasks\20260821-prompt-operations-tasks-T-05-recurrence-input-varios-dias.md
plans\prompts\T-06-pantalla-catalogo.md -> OperationsLuxuryApp\Tasks\20260821-prompt-operations-tasks-T-06-pantalla-catalogo.md
plans\prompts\T-06b-fix-ruta-criticidad.md -> OperationsLuxuryApp\Tasks\20260821-prompt-operations-tasks-T-06b-fix-ruta-criticidad.md
plans\prompts\T-07-campos-indices-tasks.md -> OperationsLuxuryApp\Tasks\20260821-prompt-operations-tasks-T-07-campos-indices-tasks.md
plans\prompts\T-07b-correccion-nombre-tabla.md -> OperationsLuxuryApp\Tasks\20260821-prompt-operations-tasks-T-07b-correccion-nombre-tabla.md
plans\prompts\T-07c-regenerar-migraciones.md -> OperationsLuxuryApp\Tasks\20260821-prompt-operations-tasks-T-07c-regenerar-migraciones.md
plans\prompts\T-08-generador-unico.md -> OperationsLuxuryApp\Tasks\20260821-prompt-operations-tasks-T-08-generador-unico.md
plans\prompts\T-08b-correccion-fecha-inyectada.md -> OperationsLuxuryApp\Tasks\20260821-prompt-operations-tasks-T-08b-correccion-fecha-inyectada.md
plans\prompts\T-08c-horizonte-por-plantilla.md -> OperationsLuxuryApp\Tasks\20260821-prompt-operations-tasks-T-08c-horizonte-por-plantilla.md
plans\prompts\T-09-taskalertlog-esquema.md -> OperationsLuxuryApp\Tasks\20260821-prompt-operations-tasks-T-09-taskalertlog-esquema.md
plans\prompts\T-09b-motor-alertas.md -> OperationsLuxuryApp\Tasks\20260821-prompt-operations-tasks-T-09b-motor-alertas.md
plans\prompts\T-09c-correccion-canal-bitacora.md -> OperationsLuxuryApp\Tasks\20260821-prompt-operations-tasks-T-09c-correccion-canal-bitacora.md
plans\prompts\T-10-agrupacion-tope-alertas.md -> OperationsLuxuryApp\Tasks\20260821-prompt-operations-tasks-T-10-agrupacion-tope-alertas.md
plans\prompts\T-11-escalera-incumplimiento-arrastre.md -> OperationsLuxuryApp\Tasks\20260821-prompt-operations-tasks-T-11-escalera-incumplimiento-arrastre.md
plans\prompts\T-13a-esquema-checklist-y-reapunte-adjuntos.md -> OperationsLuxuryApp\Tasks\20260821-prompt-operations-tasks-T-13a-esquema-checklist-y-reapunte-adjuntos.md
plans\prompts\T-13b-servicio-endpoints-checklist.md -> OperationsLuxuryApp\Tasks\20260821-prompt-operations-tasks-T-13b-servicio-endpoints-checklist.md
plans\prompts\T-13c-cierre-endurecido.md -> OperationsLuxuryApp\Tasks\20260821-prompt-operations-tasks-T-13c-cierre-endurecido.md
plans\prompts\T-13d-endpoints-comprobante.md -> OperationsLuxuryApp\Tasks\20260821-prompt-operations-tasks-T-13d-endpoints-comprobante.md
plans\prompts\T-13d-fix-orden-borrado-transaccional.md -> OperationsLuxuryApp\Tasks\20260821-prompt-operations-tasks-T-13d-fix-orden-borrado-transaccional.md
plans\prompts\T-13e-panel-checklist-comprobante.md -> OperationsLuxuryApp\Tasks\20260821-prompt-operations-tasks-T-13e-panel-checklist-comprobante.md
plans\prompts\T-14a-backend-tablero-cumplimiento.md -> OperationsLuxuryApp\Tasks\20260821-prompt-operations-tasks-T-14a-backend-tablero-cumplimiento.md
plans\prompts\T-14b-frontend-tablero-cumplimiento.md -> OperationsLuxuryApp\Tasks\20260821-prompt-operations-tasks-T-14b-frontend-tablero-cumplimiento.md
plans\prompts\T-17-conectar-catalogo-tareas-recurrentes.md -> OperationsLuxuryApp\Tasks\20260824-prompt-operations-tasks-T-17-conectar-catalogo-tareas-recurrentes.md
plans\prompts\T-18-registrar-motor-nuevo-hangfire.md -> OperationsLuxuryApp\Tasks\20260824-prompt-operations-tasks-T-18-registrar-motor-nuevo-hangfire.md
modulos-existente\alertas-tareas-recurrentes\04-implementation-plan.md -> OperationsLuxuryApp\Tasks\20260820-plan-operations-tasks-alertas-v2.md
